../Core/Src/main.c:89:5:main	8	static
../Core/Src/main.c:156:6:SystemClock_Config	88	static
../Core/Src/main.c:203:13:MX_ADC1_Init	56	static
../Core/Src/main.c:316:13:MX_I2C1_Init	8	static
../Core/Src/main.c:364:13:MX_TIM1_Init	120	static
../Core/Src/main.c:446:13:MX_TIM2_Init	40	static
../Core/Src/main.c:491:13:MX_TIM3_Init	40	static
../Core/Src/main.c:536:13:MX_USART2_UART_Init	8	static
../Core/Src/main.c:582:13:MX_DMA_Init	16	static
../Core/Src/main.c:601:13:MX_GPIO_Init	48	static
../Core/Src/main.c:646:6:HAL_ADC_ConvCpltCallback	16	static
../Core/Src/main.c:657:6:HAL_TIM_PeriodElapsedCallback	16	static
../Core/Src/main.c:662:6:HAL_GPIO_EXTI_Callback	16	static
../Core/Src/main.c:678:6:UartprintADCValue	40	static
../Core/Src/main.c:695:7:convertForShunt	32	static
../Core/Src/main.c:703:7:convertForBattVoltage	32	static
../Core/Src/main.c:715:7:convertForPannelVoltage	32	static
../Core/Src/main.c:725:7:convertForPannelCurrent	24	static
../Core/Src/main.c:733:6:fillMeasuredValueBuffer	32	static
../Core/Src/main.c:753:6:lcdInit	8	static
../Core/Src/main.c:764:6:lcdDispVoltage	40	static
../Core/Src/main.c:777:6:lcdDispCurrent	40	static
../Core/Src/main.c:790:6:lcdchangeDisplay	8	static
../Core/Src/main.c:808:6:Error_Handler	4	static,ignoring_inline_asm
