../Core/Src/main.c:85:5:main	8	static
../Core/Src/main.c:144:6:SystemClock_Config	88	static
../Core/Src/main.c:191:13:MX_ADC1_Init	56	static
../Core/Src/main.c:277:13:MX_ADC2_Init	40	static
../Core/Src/main.c:354:13:MX_TIM1_Init	120	static
../Core/Src/main.c:436:13:MX_TIM2_Init	40	static
../Core/Src/main.c:481:13:MX_USART2_UART_Init	8	static
../Core/Src/main.c:527:13:MX_DMA_Init	16	static
../Core/Src/main.c:549:13:MX_GPIO_Init	48	static
../Core/Src/main.c:580:6:HAL_ADC_ConvCpltCallback	16	static
../Core/Src/main.c:591:6:UartprintADCValue	16	static
../Core/Src/main.c:613:6:Error_Handler	4	static,ignoring_inline_asm
